[36mvite v8.0.3 [32mbuilding client environment for production...[36m[39m
[2Ktransforming...[33m[plugin rolldown:vite-resolve] Module "fs" has been externalized for browser compatibility, imported by "E:/Smart Attendance Monitoring System/frontend/node_modules/face-api.js/build/es6/env/createFileSystem.js". See https://vite.dev/guide/troubleshooting.html#module-externalized-for-browser-compatibility for more details.[39m
✓ 2626 modules transformed.
rendering chunks...
computing gzip size...
dist/index.html                          1.03 kB │ gzip:   0.52 kB
dist/assets/index-BBGheQso.css          31.58 kB │ gzip:   6.19 kB
dist/assets/purify.es-y41lKIN9.js       21.03 kB │ gzip:   8.47 kB
dist/assets/index.es-CBEqT8W-.js       151.38 kB │ gzip:  48.87 kB
dist/assets/html2canvas-C1RNLPul.js    199.56 kB │ gzip:  46.78 kB
dist/assets/index-D5ap7Yw7.js        1,793.28 kB │ gzip: 503.85 kB

[32m✓ built in 1.97s[39m
[33m[plugin builtin:vite-reporter] 
(!) Some chunks are larger than 500 kB after minification. Consider:
- Using dynamic import() to code-split the application
- Use build.rolldownOptions.output.codeSplitting to improve chunking: https://rolldown.rs/reference/OutputOptions.codeSplitting
- Adjust chunk size limit for this warning via build.chunkSizeWarningLimit.[39m
